25-07-08.00:00:00.028 [scheduling-1    ] INFO  UpdateAwardStockJob    - 定时任务，更新奖品消耗库存【延迟队列获取，降低对数据库的更新频次，不要产生竞争】
25-07-08.00:00:05.005 [scheduling-1    ] INFO  UpdateAwardStockJob    - 定时任务，更新奖品消耗库存【延迟队列获取，降低对数据库的更新频次，不要产生竞争】
25-07-08.00:00:10.003 [scheduling-1    ] INFO  UpdateAwardStockJob    - 定时任务，更新奖品消耗库存【延迟队列获取，降低对数据库的更新频次，不要产生竞争】
25-07-08.00:00:15.003 [scheduling-1    ] INFO  UpdateAwardStockJob    - 定时任务，更新奖品消耗库存【延迟队列获取，降低对数据库的更新频次，不要产生竞争】
25-07-08.00:00:20.005 [scheduling-1    ] INFO  UpdateAwardStockJob    - 定时任务，更新奖品消耗库存【延迟队列获取，降低对数据库的更新频次，不要产生竞争】
25-07-08.00:00:25.005 [scheduling-1    ] INFO  UpdateAwardStockJob    - 定时任务，更新奖品消耗库存【延迟队列获取，降低对数据库的更新频次，不要产生竞争】
25-07-08.00:00:30.005 [scheduling-1    ] INFO  UpdateAwardStockJob    - 定时任务，更新奖品消耗库存【延迟队列获取，降低对数据库的更新频次，不要产生竞争】
25-07-08.00:00:35.005 [scheduling-1    ] INFO  UpdateAwardStockJob    - 定时任务，更新奖品消耗库存【延迟队列获取，降低对数据库的更新频次，不要产生竞争】
25-07-08.00:00:40.006 [scheduling-1    ] INFO  UpdateAwardStockJob    - 定时任务，更新奖品消耗库存【延迟队列获取，降低对数据库的更新频次，不要产生竞争】
25-07-08.00:00:45.005 [scheduling-1    ] INFO  UpdateAwardStockJob    - 定时任务，更新奖品消耗库存【延迟队列获取，降低对数据库的更新频次，不要产生竞争】
25-07-08.00:00:50.000 [scheduling-1    ] INFO  UpdateAwardStockJob    - 定时任务，更新奖品消耗库存【延迟队列获取，降低对数据库的更新频次，不要产生竞争】
25-07-08.00:00:55.005 [scheduling-1    ] INFO  UpdateAwardStockJob    - 定时任务，更新奖品消耗库存【延迟队列获取，降低对数据库的更新频次，不要产生竞争】
25-07-08.00:01:00.004 [scheduling-1    ] INFO  UpdateAwardStockJob    - 定时任务，更新奖品消耗库存【延迟队列获取，降低对数据库的更新频次，不要产生竞争】
25-07-08.00:01:05.002 [scheduling-1    ] INFO  UpdateAwardStockJob    - 定时任务，更新奖品消耗库存【延迟队列获取，降低对数据库的更新频次，不要产生竞争】
25-07-08.00:01:10.004 [scheduling-1    ] INFO  UpdateAwardStockJob    - 定时任务，更新奖品消耗库存【延迟队列获取，降低对数据库的更新频次，不要产生竞争】
25-07-08.00:01:15.003 [scheduling-1    ] INFO  UpdateAwardStockJob    - 定时任务，更新奖品消耗库存【延迟队列获取，降低对数据库的更新频次，不要产生竞争】
25-07-08.00:01:20.005 [scheduling-1    ] INFO  UpdateAwardStockJob    - 定时任务，更新奖品消耗库存【延迟队列获取，降低对数据库的更新频次，不要产生竞争】
25-07-08.00:01:25.000 [scheduling-1    ] INFO  UpdateAwardStockJob    - 定时任务，更新奖品消耗库存【延迟队列获取，降低对数据库的更新频次，不要产生竞争】
25-07-08.00:01:30.005 [scheduling-1    ] INFO  UpdateAwardStockJob    - 定时任务，更新奖品消耗库存【延迟队列获取，降低对数据库的更新频次，不要产生竞争】
25-07-08.00:01:35.005 [scheduling-1    ] INFO  UpdateAwardStockJob    - 定时任务，更新奖品消耗库存【延迟队列获取，降低对数据库的更新频次，不要产生竞争】
25-07-08.00:01:40.005 [scheduling-1    ] INFO  UpdateAwardStockJob    - 定时任务，更新奖品消耗库存【延迟队列获取，降低对数据库的更新频次，不要产生竞争】
25-07-08.00:01:45.004 [scheduling-1    ] INFO  UpdateAwardStockJob    - 定时任务，更新奖品消耗库存【延迟队列获取，降低对数据库的更新频次，不要产生竞争】
25-07-08.00:01:50.001 [scheduling-1    ] INFO  UpdateAwardStockJob    - 定时任务，更新奖品消耗库存【延迟队列获取，降低对数据库的更新频次，不要产生竞争】
25-07-08.00:01:55.005 [scheduling-1    ] INFO  UpdateAwardStockJob    - 定时任务，更新奖品消耗库存【延迟队列获取，降低对数据库的更新频次，不要产生竞争】
25-07-08.00:02:00.003 [scheduling-1    ] INFO  UpdateAwardStockJob    - 定时任务，更新奖品消耗库存【延迟队列获取，降低对数据库的更新频次，不要产生竞争】
25-07-08.00:02:05.002 [scheduling-1    ] INFO  UpdateAwardStockJob    - 定时任务，更新奖品消耗库存【延迟队列获取，降低对数据库的更新频次，不要产生竞争】
25-07-08.00:02:10.004 [scheduling-1    ] INFO  UpdateAwardStockJob    - 定时任务，更新奖品消耗库存【延迟队列获取，降低对数据库的更新频次，不要产生竞争】
25-07-08.00:02:15.005 [scheduling-1    ] INFO  UpdateAwardStockJob    - 定时任务，更新奖品消耗库存【延迟队列获取，降低对数据库的更新频次，不要产生竞争】
25-07-08.00:02:20.004 [scheduling-1    ] INFO  UpdateAwardStockJob    - 定时任务，更新奖品消耗库存【延迟队列获取，降低对数据库的更新频次，不要产生竞争】
25-07-08.00:02:25.005 [scheduling-1    ] INFO  UpdateAwardStockJob    - 定时任务，更新奖品消耗库存【延迟队列获取，降低对数据库的更新频次，不要产生竞争】
25-07-08.00:02:30.005 [scheduling-1    ] INFO  UpdateAwardStockJob    - 定时任务，更新奖品消耗库存【延迟队列获取，降低对数据库的更新频次，不要产生竞争】
25-07-08.00:02:35.004 [scheduling-1    ] INFO  UpdateAwardStockJob    - 定时任务，更新奖品消耗库存【延迟队列获取，降低对数据库的更新频次，不要产生竞争】
25-07-08.00:02:40.005 [scheduling-1    ] INFO  UpdateAwardStockJob    - 定时任务，更新奖品消耗库存【延迟队列获取，降低对数据库的更新频次，不要产生竞争】
25-07-08.00:02:45.005 [scheduling-1    ] INFO  UpdateAwardStockJob    - 定时任务，更新奖品消耗库存【延迟队列获取，降低对数据库的更新频次，不要产生竞争】
25-07-08.00:02:50.005 [scheduling-1    ] INFO  UpdateAwardStockJob    - 定时任务，更新奖品消耗库存【延迟队列获取，降低对数据库的更新频次，不要产生竞争】
25-07-08.00:02:55.003 [scheduling-1    ] INFO  UpdateAwardStockJob    - 定时任务，更新奖品消耗库存【延迟队列获取，降低对数据库的更新频次，不要产生竞争】
25-07-08.00:03:00.006 [scheduling-1    ] INFO  UpdateAwardStockJob    - 定时任务，更新奖品消耗库存【延迟队列获取，降低对数据库的更新频次，不要产生竞争】
25-07-08.00:03:05.005 [scheduling-1    ] INFO  UpdateAwardStockJob    - 定时任务，更新奖品消耗库存【延迟队列获取，降低对数据库的更新频次，不要产生竞争】
25-07-08.00:03:10.001 [scheduling-1    ] INFO  UpdateAwardStockJob    - 定时任务，更新奖品消耗库存【延迟队列获取，降低对数据库的更新频次，不要产生竞争】
25-07-08.00:03:15.004 [scheduling-1    ] INFO  UpdateAwardStockJob    - 定时任务，更新奖品消耗库存【延迟队列获取，降低对数据库的更新频次，不要产生竞争】
25-07-08.00:03:20.001 [scheduling-1    ] INFO  UpdateAwardStockJob    - 定时任务，更新奖品消耗库存【延迟队列获取，降低对数据库的更新频次，不要产生竞争】
25-07-08.00:03:25.005 [scheduling-1    ] INFO  UpdateAwardStockJob    - 定时任务，更新奖品消耗库存【延迟队列获取，降低对数据库的更新频次，不要产生竞争】
25-07-08.00:03:30.002 [scheduling-1    ] INFO  UpdateAwardStockJob    - 定时任务，更新奖品消耗库存【延迟队列获取，降低对数据库的更新频次，不要产生竞争】
25-07-08.00:03:35.002 [scheduling-1    ] INFO  UpdateAwardStockJob    - 定时任务，更新奖品消耗库存【延迟队列获取，降低对数据库的更新频次，不要产生竞争】
25-07-08.00:03:40.005 [scheduling-1    ] INFO  UpdateAwardStockJob    - 定时任务，更新奖品消耗库存【延迟队列获取，降低对数据库的更新频次，不要产生竞争】
25-07-08.00:03:45.001 [scheduling-1    ] INFO  UpdateAwardStockJob    - 定时任务，更新奖品消耗库存【延迟队列获取，降低对数据库的更新频次，不要产生竞争】
25-07-08.00:03:50.004 [scheduling-1    ] INFO  UpdateAwardStockJob    - 定时任务，更新奖品消耗库存【延迟队列获取，降低对数据库的更新频次，不要产生竞争】
25-07-08.00:03:55.001 [scheduling-1    ] INFO  UpdateAwardStockJob    - 定时任务，更新奖品消耗库存【延迟队列获取，降低对数据库的更新频次，不要产生竞争】
25-07-08.00:04:00.005 [scheduling-1    ] INFO  UpdateAwardStockJob    - 定时任务，更新奖品消耗库存【延迟队列获取，降低对数据库的更新频次，不要产生竞争】
25-07-08.00:04:05.005 [scheduling-1    ] INFO  UpdateAwardStockJob    - 定时任务，更新奖品消耗库存【延迟队列获取，降低对数据库的更新频次，不要产生竞争】
25-07-08.00:04:10.005 [scheduling-1    ] INFO  UpdateAwardStockJob    - 定时任务，更新奖品消耗库存【延迟队列获取，降低对数据库的更新频次，不要产生竞争】
25-07-08.00:04:15.001 [scheduling-1    ] INFO  UpdateAwardStockJob    - 定时任务，更新奖品消耗库存【延迟队列获取，降低对数据库的更新频次，不要产生竞争】
25-07-08.00:04:20.004 [scheduling-1    ] INFO  UpdateAwardStockJob    - 定时任务，更新奖品消耗库存【延迟队列获取，降低对数据库的更新频次，不要产生竞争】
25-07-08.00:04:25.005 [scheduling-1    ] INFO  UpdateAwardStockJob    - 定时任务，更新奖品消耗库存【延迟队列获取，降低对数据库的更新频次，不要产生竞争】
25-07-08.00:04:30.006 [scheduling-1    ] INFO  UpdateAwardStockJob    - 定时任务，更新奖品消耗库存【延迟队列获取，降低对数据库的更新频次，不要产生竞争】
25-07-08.00:04:35.003 [scheduling-1    ] INFO  UpdateAwardStockJob    - 定时任务，更新奖品消耗库存【延迟队列获取，降低对数据库的更新频次，不要产生竞争】
25-07-08.00:04:40.004 [scheduling-1    ] INFO  UpdateAwardStockJob    - 定时任务，更新奖品消耗库存【延迟队列获取，降低对数据库的更新频次，不要产生竞争】
25-07-08.00:04:45.005 [scheduling-1    ] INFO  UpdateAwardStockJob    - 定时任务，更新奖品消耗库存【延迟队列获取，降低对数据库的更新频次，不要产生竞争】
25-07-08.00:04:50.004 [scheduling-1    ] INFO  UpdateAwardStockJob    - 定时任务，更新奖品消耗库存【延迟队列获取，降低对数据库的更新频次，不要产生竞争】
25-07-08.00:04:55.004 [scheduling-1    ] INFO  UpdateAwardStockJob    - 定时任务，更新奖品消耗库存【延迟队列获取，降低对数据库的更新频次，不要产生竞争】
25-07-08.00:05:00.005 [scheduling-1    ] INFO  UpdateAwardStockJob    - 定时任务，更新奖品消耗库存【延迟队列获取，降低对数据库的更新频次，不要产生竞争】
25-07-08.00:05:05.005 [scheduling-1    ] INFO  UpdateAwardStockJob    - 定时任务，更新奖品消耗库存【延迟队列获取，降低对数据库的更新频次，不要产生竞争】
25-07-08.00:05:10.000 [scheduling-1    ] INFO  UpdateAwardStockJob    - 定时任务，更新奖品消耗库存【延迟队列获取，降低对数据库的更新频次，不要产生竞争】
25-07-08.00:05:15.005 [scheduling-1    ] INFO  UpdateAwardStockJob    - 定时任务，更新奖品消耗库存【延迟队列获取，降低对数据库的更新频次，不要产生竞争】
25-07-08.00:05:20.005 [scheduling-1    ] INFO  UpdateAwardStockJob    - 定时任务，更新奖品消耗库存【延迟队列获取，降低对数据库的更新频次，不要产生竞争】
25-07-08.00:05:25.004 [scheduling-1    ] INFO  UpdateAwardStockJob    - 定时任务，更新奖品消耗库存【延迟队列获取，降低对数据库的更新频次，不要产生竞争】
25-07-08.00:05:30.004 [scheduling-1    ] INFO  UpdateAwardStockJob    - 定时任务，更新奖品消耗库存【延迟队列获取，降低对数据库的更新频次，不要产生竞争】
25-07-08.00:05:35.001 [scheduling-1    ] INFO  UpdateAwardStockJob    - 定时任务，更新奖品消耗库存【延迟队列获取，降低对数据库的更新频次，不要产生竞争】
25-07-08.00:05:40.005 [scheduling-1    ] INFO  UpdateAwardStockJob    - 定时任务，更新奖品消耗库存【延迟队列获取，降低对数据库的更新频次，不要产生竞争】
25-07-08.00:05:45.003 [scheduling-1    ] INFO  UpdateAwardStockJob    - 定时任务，更新奖品消耗库存【延迟队列获取，降低对数据库的更新频次，不要产生竞争】
25-07-08.00:05:50.003 [scheduling-1    ] INFO  UpdateAwardStockJob    - 定时任务，更新奖品消耗库存【延迟队列获取，降低对数据库的更新频次，不要产生竞争】
25-07-08.00:05:55.005 [scheduling-1    ] INFO  UpdateAwardStockJob    - 定时任务，更新奖品消耗库存【延迟队列获取，降低对数据库的更新频次，不要产生竞争】
25-07-08.00:06:00.006 [scheduling-1    ] INFO  UpdateAwardStockJob    - 定时任务，更新奖品消耗库存【延迟队列获取，降低对数据库的更新频次，不要产生竞争】
25-07-08.00:06:03.831 [http-nio-8091-exec-40] INFO  RaffleController       - 查询抽奖奖品列表配开始 strategyId：100006
25-07-08.00:06:03.840 [http-nio-8091-exec-40] INFO  RaffleController       - 查询抽奖奖品列表配置完成 strategyId：100006 response: {"code":"0000","data":[{"awardId":101,"awardTitle":"随机积分","sort":1},{"awardId":102,"awardTitle":"随机积分","sort":1}],"info":"成功"}
25-07-08.00:06:05.003 [scheduling-1    ] INFO  UpdateAwardStockJob    - 定时任务，更新奖品消耗库存【延迟队列获取，降低对数据库的更新频次，不要产生竞争】
25-07-08.00:06:10.005 [scheduling-1    ] INFO  UpdateAwardStockJob    - 定时任务，更新奖品消耗库存【延迟队列获取，降低对数据库的更新频次，不要产生竞争】
25-07-08.00:06:13.306 [http-nio-8091-exec-41] INFO  RaffleController       - 查询抽奖奖品列表配开始 strategyId：100006
25-07-08.00:06:13.313 [http-nio-8091-exec-41] INFO  RaffleController       - 查询抽奖奖品列表配置完成 strategyId：100006 response: {"code":"0000","data":[{"awardId":101,"awardTitle":"随机积分","sort":1},{"awardId":102,"awardTitle":"随机积分","sort":1}],"info":"成功"}
25-07-08.00:06:15.003 [scheduling-1    ] INFO  UpdateAwardStockJob    - 定时任务，更新奖品消耗库存【延迟队列获取，降低对数据库的更新频次，不要产生竞争】
25-07-08.00:06:17.159 [http-nio-8091-exec-43] INFO  RaffleController       - 随机抽奖开始 strategyId: 100006
25-07-08.00:06:17.201 [http-nio-8091-exec-43] INFO  BackListLogicChain     - 抽奖责任链—黑名单, userId=system, strategyId=100006, ruleModel=rule_blacklist
25-07-08.00:06:17.212 [http-nio-8091-exec-43] INFO  BackListLogicChain     - 抽奖责任链：黑名单放行 userId=system, strategyId=100006, ruleModel=rule_blacklist
25-07-08.00:06:17.226 [http-nio-8091-exec-43] INFO  DefaultLogChain        - 抽奖责任链—默认处理, userId=system, strategyId=100006, ruleModel=rule_default, awardId=102
25-07-08.00:06:17.226 [http-nio-8091-exec-43] INFO  AbstractRaffleStrategy - 抽奖策略计算-责任链 system 100006 102 rule_default
25-07-08.00:06:17.241 [http-nio-8091-exec-43] INFO  RuleStockLogicTreeNode - 规则过滤，库存过滤，userid:system,strategyId:100006,awardId:102
25-07-08.00:06:17.260 [http-nio-8091-exec-43] INFO  AbstractRaffleStrategy - 抽奖策略计算-规则树 system 100006 102 
25-07-08.00:06:17.267 [http-nio-8091-exec-43] INFO  RaffleController       - 随机抽奖完成 strategyId: 100006 response: {"code":"0000","data":{"awardId":102,"awardIndex":1},"info":"成功"}
25-07-08.00:06:20.005 [scheduling-1    ] INFO  UpdateAwardStockJob    - 定时任务，更新奖品消耗库存【延迟队列获取，降低对数据库的更新频次，不要产生竞争】
25-07-08.00:06:25.004 [scheduling-1    ] INFO  UpdateAwardStockJob    - 定时任务，更新奖品消耗库存【延迟队列获取，降低对数据库的更新频次，不要产生竞争】
25-07-08.00:06:25.011 [scheduling-1    ] INFO  UpdateAwardStockJob    - 定时任务，更新奖品消耗库存 strategyId:100006 awardId:102
25-07-08.00:06:30.003 [scheduling-1    ] INFO  UpdateAwardStockJob    - 定时任务，更新奖品消耗库存【延迟队列获取，降低对数据库的更新频次，不要产生竞争】
25-07-08.00:06:35.003 [scheduling-1    ] INFO  UpdateAwardStockJob    - 定时任务，更新奖品消耗库存【延迟队列获取，降低对数据库的更新频次，不要产生竞争】
25-07-08.00:06:40.005 [scheduling-1    ] INFO  UpdateAwardStockJob    - 定时任务，更新奖品消耗库存【延迟队列获取，降低对数据库的更新频次，不要产生竞争】
25-07-08.00:06:45.004 [scheduling-1    ] INFO  UpdateAwardStockJob    - 定时任务，更新奖品消耗库存【延迟队列获取，降低对数据库的更新频次，不要产生竞争】
25-07-08.00:06:50.003 [scheduling-1    ] INFO  UpdateAwardStockJob    - 定时任务，更新奖品消耗库存【延迟队列获取，降低对数据库的更新频次，不要产生竞争】
25-07-08.00:06:55.002 [scheduling-1    ] INFO  UpdateAwardStockJob    - 定时任务，更新奖品消耗库存【延迟队列获取，降低对数据库的更新频次，不要产生竞争】
25-07-08.00:07:00.013 [scheduling-1    ] INFO  UpdateAwardStockJob    - 定时任务，更新奖品消耗库存【延迟队列获取，降低对数据库的更新频次，不要产生竞争】
25-07-08.00:07:05.001 [scheduling-1    ] INFO  UpdateAwardStockJob    - 定时任务，更新奖品消耗库存【延迟队列获取，降低对数据库的更新频次，不要产生竞争】
25-07-08.00:07:10.002 [scheduling-1    ] INFO  UpdateAwardStockJob    - 定时任务，更新奖品消耗库存【延迟队列获取，降低对数据库的更新频次，不要产生竞争】
25-07-08.00:07:15.006 [scheduling-1    ] INFO  UpdateAwardStockJob    - 定时任务，更新奖品消耗库存【延迟队列获取，降低对数据库的更新频次，不要产生竞争】
25-07-08.00:07:20.004 [scheduling-1    ] INFO  UpdateAwardStockJob    - 定时任务，更新奖品消耗库存【延迟队列获取，降低对数据库的更新频次，不要产生竞争】
25-07-08.00:07:23.974 [http-nio-8091-exec-45] INFO  RaffleController       - 随机抽奖开始 strategyId: 100006
25-07-08.00:07:23.999 [http-nio-8091-exec-45] INFO  BackListLogicChain     - 抽奖责任链—黑名单, userId=system, strategyId=100006, ruleModel=rule_blacklist
25-07-08.00:07:24.012 [http-nio-8091-exec-45] INFO  BackListLogicChain     - 抽奖责任链：黑名单放行 userId=system, strategyId=100006, ruleModel=rule_blacklist
25-07-08.00:07:24.027 [http-nio-8091-exec-45] INFO  DefaultLogChain        - 抽奖责任链—默认处理, userId=system, strategyId=100006, ruleModel=rule_default, awardId=101
25-07-08.00:07:24.027 [http-nio-8091-exec-45] INFO  AbstractRaffleStrategy - 抽奖策略计算-责任链 system 100006 101 rule_default
25-07-08.00:07:24.042 [http-nio-8091-exec-45] INFO  RuleStockLogicTreeNode - 规则过滤，库存过滤，userid:system,strategyId:100006,awardId:101
25-07-08.00:07:24.060 [http-nio-8091-exec-45] INFO  AbstractRaffleStrategy - 抽奖策略计算-规则树 system 100006 101 
25-07-08.00:07:24.068 [http-nio-8091-exec-45] INFO  RaffleController       - 随机抽奖完成 strategyId: 100006 response: {"code":"0000","data":{"awardId":101,"awardIndex":1},"info":"成功"}
25-07-08.00:07:25.002 [scheduling-1    ] INFO  UpdateAwardStockJob    - 定时任务，更新奖品消耗库存【延迟队列获取，降低对数据库的更新频次，不要产生竞争】
25-07-08.00:07:30.001 [scheduling-1    ] INFO  UpdateAwardStockJob    - 定时任务，更新奖品消耗库存【延迟队列获取，降低对数据库的更新频次，不要产生竞争】
25-07-08.00:07:30.010 [scheduling-1    ] INFO  UpdateAwardStockJob    - 定时任务，更新奖品消耗库存 strategyId:100006 awardId:101
25-07-08.00:07:30.179 [http-nio-8091-exec-46] INFO  RaffleController       - 随机抽奖开始 strategyId: 100006
25-07-08.00:07:30.192 [http-nio-8091-exec-46] INFO  BackListLogicChain     - 抽奖责任链—黑名单, userId=system, strategyId=100006, ruleModel=rule_blacklist
25-07-08.00:07:30.200 [http-nio-8091-exec-46] INFO  BackListLogicChain     - 抽奖责任链：黑名单放行 userId=system, strategyId=100006, ruleModel=rule_blacklist
25-07-08.00:07:30.219 [http-nio-8091-exec-46] INFO  DefaultLogChain        - 抽奖责任链—默认处理, userId=system, strategyId=100006, ruleModel=rule_default, awardId=101
25-07-08.00:07:30.220 [http-nio-8091-exec-46] INFO  AbstractRaffleStrategy - 抽奖策略计算-责任链 system 100006 101 rule_default
25-07-08.00:07:30.238 [http-nio-8091-exec-46] INFO  RuleStockLogicTreeNode - 规则过滤，库存过滤，userid:system,strategyId:100006,awardId:101
25-07-08.00:07:30.255 [http-nio-8091-exec-46] INFO  AbstractRaffleStrategy - 抽奖策略计算-规则树 system 100006 101 
25-07-08.00:07:30.263 [http-nio-8091-exec-46] INFO  RaffleController       - 随机抽奖完成 strategyId: 100006 response: {"code":"0000","data":{"awardId":101,"awardIndex":1},"info":"成功"}
25-07-08.00:07:35.005 [scheduling-1    ] INFO  UpdateAwardStockJob    - 定时任务，更新奖品消耗库存【延迟队列获取，降低对数据库的更新频次，不要产生竞争】
25-07-08.00:07:35.011 [scheduling-1    ] INFO  UpdateAwardStockJob    - 定时任务，更新奖品消耗库存 strategyId:100006 awardId:101
25-07-08.00:07:40.005 [scheduling-1    ] INFO  UpdateAwardStockJob    - 定时任务，更新奖品消耗库存【延迟队列获取，降低对数据库的更新频次，不要产生竞争】
25-07-08.00:07:44.295 [http-nio-8091-exec-47] INFO  RaffleController       - 查询抽奖奖品列表配开始 strategyId：100006
25-07-08.00:07:44.305 [http-nio-8091-exec-47] INFO  RaffleController       - 查询抽奖奖品列表配置完成 strategyId：100006 response: {"code":"0000","data":[{"awardId":101,"awardTitle":"随机积分","sort":1},{"awardId":102,"awardTitle":"随机积分","sort":1}],"info":"成功"}
25-07-08.00:07:45.004 [scheduling-1    ] INFO  UpdateAwardStockJob    - 定时任务，更新奖品消耗库存【延迟队列获取，降低对数据库的更新频次，不要产生竞争】
25-07-08.00:07:47.833 [http-nio-8091-exec-48] INFO  RaffleController       - 随机抽奖开始 strategyId: 100006
25-07-08.00:07:47.864 [http-nio-8091-exec-48] INFO  BackListLogicChain     - 抽奖责任链—黑名单, userId=system, strategyId=100006, ruleModel=rule_blacklist
25-07-08.00:07:47.872 [http-nio-8091-exec-48] INFO  BackListLogicChain     - 抽奖责任链：黑名单放行 userId=system, strategyId=100006, ruleModel=rule_blacklist
25-07-08.00:07:47.886 [http-nio-8091-exec-48] INFO  DefaultLogChain        - 抽奖责任链—默认处理, userId=system, strategyId=100006, ruleModel=rule_default, awardId=101
25-07-08.00:07:47.887 [http-nio-8091-exec-48] INFO  AbstractRaffleStrategy - 抽奖策略计算-责任链 system 100006 101 rule_default
25-07-08.00:07:47.904 [http-nio-8091-exec-48] INFO  RuleStockLogicTreeNode - 规则过滤，库存过滤，userid:system,strategyId:100006,awardId:101
25-07-08.00:07:47.927 [http-nio-8091-exec-48] INFO  AbstractRaffleStrategy - 抽奖策略计算-规则树 system 100006 101 
25-07-08.00:07:47.933 [http-nio-8091-exec-48] INFO  RaffleController       - 随机抽奖完成 strategyId: 100006 response: {"code":"0000","data":{"awardId":101,"awardIndex":1},"info":"成功"}
25-07-08.00:07:50.006 [scheduling-1    ] INFO  UpdateAwardStockJob    - 定时任务，更新奖品消耗库存【延迟队列获取，降低对数据库的更新频次，不要产生竞争】
25-07-08.00:07:55.004 [scheduling-1    ] INFO  UpdateAwardStockJob    - 定时任务，更新奖品消耗库存【延迟队列获取，降低对数据库的更新频次，不要产生竞争】
25-07-08.00:07:55.012 [scheduling-1    ] INFO  UpdateAwardStockJob    - 定时任务，更新奖品消耗库存 strategyId:100006 awardId:101
25-07-08.00:08:00.005 [scheduling-1    ] INFO  UpdateAwardStockJob    - 定时任务，更新奖品消耗库存【延迟队列获取，降低对数据库的更新频次，不要产生竞争】
25-07-08.00:08:05.005 [scheduling-1    ] INFO  UpdateAwardStockJob    - 定时任务，更新奖品消耗库存【延迟队列获取，降低对数据库的更新频次，不要产生竞争】
25-07-08.00:08:10.002 [scheduling-1    ] INFO  UpdateAwardStockJob    - 定时任务，更新奖品消耗库存【延迟队列获取，降低对数据库的更新频次，不要产生竞争】
25-07-08.00:08:15.003 [scheduling-1    ] INFO  UpdateAwardStockJob    - 定时任务，更新奖品消耗库存【延迟队列获取，降低对数据库的更新频次，不要产生竞争】
25-07-08.00:08:20.001 [scheduling-1    ] INFO  UpdateAwardStockJob    - 定时任务，更新奖品消耗库存【延迟队列获取，降低对数据库的更新频次，不要产生竞争】
25-07-08.00:08:25.002 [scheduling-1    ] INFO  UpdateAwardStockJob    - 定时任务，更新奖品消耗库存【延迟队列获取，降低对数据库的更新频次，不要产生竞争】
25-07-08.00:08:30.004 [scheduling-1    ] INFO  UpdateAwardStockJob    - 定时任务，更新奖品消耗库存【延迟队列获取，降低对数据库的更新频次，不要产生竞争】
25-07-08.00:08:35.005 [scheduling-1    ] INFO  UpdateAwardStockJob    - 定时任务，更新奖品消耗库存【延迟队列获取，降低对数据库的更新频次，不要产生竞争】
25-07-08.00:08:38.719 [http-nio-8091-exec-1] INFO  RaffleController       - 抽奖装配策略开始, strategyId: 100006
25-07-08.00:08:38.789 [http-nio-8091-exec-1] INFO  RaffleController       - 抽奖装配策略成功, strategyId: 100006
25-07-08.00:08:40.001 [scheduling-1    ] INFO  UpdateAwardStockJob    - 定时任务，更新奖品消耗库存【延迟队列获取，降低对数据库的更新频次，不要产生竞争】
25-07-08.00:08:45.005 [scheduling-1    ] INFO  UpdateAwardStockJob    - 定时任务，更新奖品消耗库存【延迟队列获取，降低对数据库的更新频次，不要产生竞争】
25-07-08.00:08:50.004 [scheduling-1    ] INFO  UpdateAwardStockJob    - 定时任务，更新奖品消耗库存【延迟队列获取，降低对数据库的更新频次，不要产生竞争】
25-07-08.00:08:55.005 [scheduling-1    ] INFO  UpdateAwardStockJob    - 定时任务，更新奖品消耗库存【延迟队列获取，降低对数据库的更新频次，不要产生竞争】
25-07-08.00:09:00.004 [scheduling-1    ] INFO  UpdateAwardStockJob    - 定时任务，更新奖品消耗库存【延迟队列获取，降低对数据库的更新频次，不要产生竞争】
25-07-08.00:09:05.004 [scheduling-1    ] INFO  UpdateAwardStockJob    - 定时任务，更新奖品消耗库存【延迟队列获取，降低对数据库的更新频次，不要产生竞争】
25-07-08.00:09:10.004 [scheduling-1    ] INFO  UpdateAwardStockJob    - 定时任务，更新奖品消耗库存【延迟队列获取，降低对数据库的更新频次，不要产生竞争】
25-07-08.00:09:15.004 [scheduling-1    ] INFO  UpdateAwardStockJob    - 定时任务，更新奖品消耗库存【延迟队列获取，降低对数据库的更新频次，不要产生竞争】
25-07-08.00:09:20.005 [scheduling-1    ] INFO  UpdateAwardStockJob    - 定时任务，更新奖品消耗库存【延迟队列获取，降低对数据库的更新频次，不要产生竞争】
25-07-08.00:09:25.002 [scheduling-1    ] INFO  UpdateAwardStockJob    - 定时任务，更新奖品消耗库存【延迟队列获取，降低对数据库的更新频次，不要产生竞争】
25-07-08.00:09:30.004 [scheduling-1    ] INFO  UpdateAwardStockJob    - 定时任务，更新奖品消耗库存【延迟队列获取，降低对数据库的更新频次，不要产生竞争】
25-07-08.00:09:35.003 [scheduling-1    ] INFO  UpdateAwardStockJob    - 定时任务，更新奖品消耗库存【延迟队列获取，降低对数据库的更新频次，不要产生竞争】
25-07-08.00:09:40.004 [scheduling-1    ] INFO  UpdateAwardStockJob    - 定时任务，更新奖品消耗库存【延迟队列获取，降低对数据库的更新频次，不要产生竞争】
25-07-08.00:09:45.004 [scheduling-1    ] INFO  UpdateAwardStockJob    - 定时任务，更新奖品消耗库存【延迟队列获取，降低对数据库的更新频次，不要产生竞争】
25-07-08.00:09:50.004 [scheduling-1    ] INFO  UpdateAwardStockJob    - 定时任务，更新奖品消耗库存【延迟队列获取，降低对数据库的更新频次，不要产生竞争】
25-07-08.00:09:55.005 [scheduling-1    ] INFO  UpdateAwardStockJob    - 定时任务，更新奖品消耗库存【延迟队列获取，降低对数据库的更新频次，不要产生竞争】
25-07-08.00:10:00.003 [scheduling-1    ] INFO  UpdateAwardStockJob    - 定时任务，更新奖品消耗库存【延迟队列获取，降低对数据库的更新频次，不要产生竞争】
25-07-08.00:10:05.002 [scheduling-1    ] INFO  UpdateAwardStockJob    - 定时任务，更新奖品消耗库存【延迟队列获取，降低对数据库的更新频次，不要产生竞争】
25-07-08.00:10:10.001 [scheduling-1    ] INFO  UpdateAwardStockJob    - 定时任务，更新奖品消耗库存【延迟队列获取，降低对数据库的更新频次，不要产生竞争】
25-07-08.00:10:15.002 [scheduling-1    ] INFO  UpdateAwardStockJob    - 定时任务，更新奖品消耗库存【延迟队列获取，降低对数据库的更新频次，不要产生竞争】
25-07-08.00:10:20.005 [scheduling-1    ] INFO  UpdateAwardStockJob    - 定时任务，更新奖品消耗库存【延迟队列获取，降低对数据库的更新频次，不要产生竞争】
25-07-08.00:10:25.003 [scheduling-1    ] INFO  UpdateAwardStockJob    - 定时任务，更新奖品消耗库存【延迟队列获取，降低对数据库的更新频次，不要产生竞争】
25-07-08.00:10:30.004 [scheduling-1    ] INFO  UpdateAwardStockJob    - 定时任务，更新奖品消耗库存【延迟队列获取，降低对数据库的更新频次，不要产生竞争】
25-07-08.00:10:35.000 [scheduling-1    ] INFO  UpdateAwardStockJob    - 定时任务，更新奖品消耗库存【延迟队列获取，降低对数据库的更新频次，不要产生竞争】
25-07-08.00:10:40.001 [scheduling-1    ] INFO  UpdateAwardStockJob    - 定时任务，更新奖品消耗库存【延迟队列获取，降低对数据库的更新频次，不要产生竞争】
25-07-08.00:10:45.004 [scheduling-1    ] INFO  UpdateAwardStockJob    - 定时任务，更新奖品消耗库存【延迟队列获取，降低对数据库的更新频次，不要产生竞争】
25-07-08.00:10:50.004 [scheduling-1    ] INFO  UpdateAwardStockJob    - 定时任务，更新奖品消耗库存【延迟队列获取，降低对数据库的更新频次，不要产生竞争】
25-07-08.00:10:55.005 [scheduling-1    ] INFO  UpdateAwardStockJob    - 定时任务，更新奖品消耗库存【延迟队列获取，降低对数据库的更新频次，不要产生竞争】
25-07-08.00:11:00.004 [scheduling-1    ] INFO  UpdateAwardStockJob    - 定时任务，更新奖品消耗库存【延迟队列获取，降低对数据库的更新频次，不要产生竞争】
25-07-08.00:11:05.005 [scheduling-1    ] INFO  UpdateAwardStockJob    - 定时任务，更新奖品消耗库存【延迟队列获取，降低对数据库的更新频次，不要产生竞争】
25-07-08.00:11:10.004 [scheduling-1    ] INFO  UpdateAwardStockJob    - 定时任务，更新奖品消耗库存【延迟队列获取，降低对数据库的更新频次，不要产生竞争】
25-07-08.00:11:15.005 [scheduling-1    ] INFO  UpdateAwardStockJob    - 定时任务，更新奖品消耗库存【延迟队列获取，降低对数据库的更新频次，不要产生竞争】
25-07-08.00:11:20.005 [scheduling-1    ] INFO  UpdateAwardStockJob    - 定时任务，更新奖品消耗库存【延迟队列获取，降低对数据库的更新频次，不要产生竞争】
25-07-08.00:11:25.004 [scheduling-1    ] INFO  UpdateAwardStockJob    - 定时任务，更新奖品消耗库存【延迟队列获取，降低对数据库的更新频次，不要产生竞争】
25-07-08.00:11:30.002 [scheduling-1    ] INFO  UpdateAwardStockJob    - 定时任务，更新奖品消耗库存【延迟队列获取，降低对数据库的更新频次，不要产生竞争】
25-07-08.00:11:35.005 [scheduling-1    ] INFO  UpdateAwardStockJob    - 定时任务，更新奖品消耗库存【延迟队列获取，降低对数据库的更新频次，不要产生竞争】
25-07-08.00:11:40.001 [scheduling-1    ] INFO  UpdateAwardStockJob    - 定时任务，更新奖品消耗库存【延迟队列获取，降低对数据库的更新频次，不要产生竞争】
25-07-08.00:11:45.005 [scheduling-1    ] INFO  UpdateAwardStockJob    - 定时任务，更新奖品消耗库存【延迟队列获取，降低对数据库的更新频次，不要产生竞争】
25-07-08.00:11:46.471 [http-nio-8091-exec-3] INFO  RaffleController       - 查询抽奖奖品列表配开始 strategyId：100006
25-07-08.00:11:46.509 [http-nio-8091-exec-3] INFO  RaffleController       - 查询抽奖奖品列表配置完成 strategyId：100006 response: {"code":"0000","data":[{"awardId":101,"awardTitle":"随机积分","sort":1},{"awardId":102,"awardTitle":"随机积分","sort":2}],"info":"成功"}
25-07-08.00:11:50.005 [scheduling-1    ] INFO  UpdateAwardStockJob    - 定时任务，更新奖品消耗库存【延迟队列获取，降低对数据库的更新频次，不要产生竞争】
25-07-08.00:11:50.455 [http-nio-8091-exec-4] INFO  RaffleController       - 查询抽奖奖品列表配开始 strategyId：100006
25-07-08.00:11:50.467 [http-nio-8091-exec-4] INFO  RaffleController       - 查询抽奖奖品列表配置完成 strategyId：100006 response: {"code":"0000","data":[{"awardId":101,"awardTitle":"随机积分","sort":1},{"awardId":102,"awardTitle":"随机积分","sort":2}],"info":"成功"}
25-07-08.00:11:51.216 [http-nio-8091-exec-5] INFO  RaffleController       - 抽奖装配策略开始, strategyId: 100006
25-07-08.00:11:51.297 [http-nio-8091-exec-5] INFO  RaffleController       - 抽奖装配策略成功, strategyId: 100006
25-07-08.00:11:54.480 [http-nio-8091-exec-6] INFO  RaffleController       - 随机抽奖开始 strategyId: 100006
25-07-08.00:11:54.503 [http-nio-8091-exec-6] INFO  BackListLogicChain     - 抽奖责任链—黑名单, userId=system, strategyId=100006, ruleModel=rule_blacklist
25-07-08.00:11:54.512 [http-nio-8091-exec-6] INFO  BackListLogicChain     - 抽奖责任链：黑名单放行 userId=system, strategyId=100006, ruleModel=rule_blacklist
25-07-08.00:11:54.528 [http-nio-8091-exec-6] INFO  DefaultLogChain        - 抽奖责任链—默认处理, userId=system, strategyId=100006, ruleModel=rule_default, awardId=101
25-07-08.00:11:54.528 [http-nio-8091-exec-6] INFO  AbstractRaffleStrategy - 抽奖策略计算-责任链 system 100006 101 rule_default
25-07-08.00:11:54.583 [http-nio-8091-exec-6] INFO  RuleStockLogicTreeNode - 规则过滤，库存过滤，userid:system,strategyId:100006,awardId:101
25-07-08.00:11:54.603 [http-nio-8091-exec-6] INFO  AbstractRaffleStrategy - 抽奖策略计算-规则树 system 100006 101 
25-07-08.00:11:54.628 [http-nio-8091-exec-6] INFO  RaffleController       - 随机抽奖完成 strategyId: 100006 response: {"code":"0000","data":{"awardId":101,"awardIndex":1},"info":"成功"}
25-07-08.00:11:55.005 [scheduling-1    ] INFO  UpdateAwardStockJob    - 定时任务，更新奖品消耗库存【延迟队列获取，降低对数据库的更新频次，不要产生竞争】
25-07-08.00:12:00.004 [scheduling-1    ] INFO  UpdateAwardStockJob    - 定时任务，更新奖品消耗库存【延迟队列获取，降低对数据库的更新频次，不要产生竞争】
25-07-08.00:12:00.013 [scheduling-1    ] INFO  UpdateAwardStockJob    - 定时任务，更新奖品消耗库存 strategyId:100006 awardId:101
25-07-08.00:12:05.006 [scheduling-1    ] INFO  UpdateAwardStockJob    - 定时任务，更新奖品消耗库存【延迟队列获取，降低对数据库的更新频次，不要产生竞争】
25-07-08.00:12:10.005 [scheduling-1    ] INFO  UpdateAwardStockJob    - 定时任务，更新奖品消耗库存【延迟队列获取，降低对数据库的更新频次，不要产生竞争】
25-07-08.00:12:10.665 [http-nio-8091-exec-7] INFO  RaffleController       - 随机抽奖开始 strategyId: 100006
25-07-08.00:12:10.690 [http-nio-8091-exec-7] INFO  BackListLogicChain     - 抽奖责任链—黑名单, userId=system, strategyId=100006, ruleModel=rule_blacklist
25-07-08.00:12:10.699 [http-nio-8091-exec-7] INFO  BackListLogicChain     - 抽奖责任链：黑名单放行 userId=system, strategyId=100006, ruleModel=rule_blacklist
25-07-08.00:12:10.712 [http-nio-8091-exec-7] INFO  DefaultLogChain        - 抽奖责任链—默认处理, userId=system, strategyId=100006, ruleModel=rule_default, awardId=101
25-07-08.00:12:10.712 [http-nio-8091-exec-7] INFO  AbstractRaffleStrategy - 抽奖策略计算-责任链 system 100006 101 rule_default
25-07-08.00:12:10.733 [http-nio-8091-exec-7] INFO  RuleStockLogicTreeNode - 规则过滤，库存过滤，userid:system,strategyId:100006,awardId:101
25-07-08.00:12:10.752 [http-nio-8091-exec-7] INFO  AbstractRaffleStrategy - 抽奖策略计算-规则树 system 100006 101 
25-07-08.00:12:10.760 [http-nio-8091-exec-7] INFO  RaffleController       - 随机抽奖完成 strategyId: 100006 response: {"code":"0000","data":{"awardId":101,"awardIndex":1},"info":"成功"}
25-07-08.00:12:15.004 [scheduling-1    ] INFO  UpdateAwardStockJob    - 定时任务，更新奖品消耗库存【延迟队列获取，降低对数据库的更新频次，不要产生竞争】
25-07-08.00:12:15.017 [scheduling-1    ] INFO  UpdateAwardStockJob    - 定时任务，更新奖品消耗库存 strategyId:100006 awardId:101
25-07-08.00:12:17.432 [http-nio-8091-exec-8] INFO  RaffleController       - 随机抽奖开始 strategyId: 100006
25-07-08.00:12:17.459 [http-nio-8091-exec-8] INFO  BackListLogicChain     - 抽奖责任链—黑名单, userId=system, strategyId=100006, ruleModel=rule_blacklist
25-07-08.00:12:17.473 [http-nio-8091-exec-8] INFO  BackListLogicChain     - 抽奖责任链：黑名单放行 userId=system, strategyId=100006, ruleModel=rule_blacklist
25-07-08.00:12:17.488 [http-nio-8091-exec-8] INFO  DefaultLogChain        - 抽奖责任链—默认处理, userId=system, strategyId=100006, ruleModel=rule_default, awardId=101
25-07-08.00:12:17.488 [http-nio-8091-exec-8] INFO  AbstractRaffleStrategy - 抽奖策略计算-责任链 system 100006 101 rule_default
25-07-08.00:12:17.508 [http-nio-8091-exec-8] INFO  RuleStockLogicTreeNode - 规则过滤，库存过滤，userid:system,strategyId:100006,awardId:101
25-07-08.00:12:17.529 [http-nio-8091-exec-8] INFO  AbstractRaffleStrategy - 抽奖策略计算-规则树 system 100006 101 
25-07-08.00:12:17.537 [http-nio-8091-exec-8] INFO  RaffleController       - 随机抽奖完成 strategyId: 100006 response: {"code":"0000","data":{"awardId":101,"awardIndex":1},"info":"成功"}
25-07-08.00:12:20.005 [scheduling-1    ] INFO  UpdateAwardStockJob    - 定时任务，更新奖品消耗库存【延迟队列获取，降低对数据库的更新频次，不要产生竞争】
25-07-08.00:12:25.005 [scheduling-1    ] INFO  UpdateAwardStockJob    - 定时任务，更新奖品消耗库存【延迟队列获取，降低对数据库的更新频次，不要产生竞争】
25-07-08.00:12:25.017 [scheduling-1    ] INFO  UpdateAwardStockJob    - 定时任务，更新奖品消耗库存 strategyId:100006 awardId:101
25-07-08.00:12:30.003 [scheduling-1    ] INFO  UpdateAwardStockJob    - 定时任务，更新奖品消耗库存【延迟队列获取，降低对数据库的更新频次，不要产生竞争】
25-07-08.00:12:35.004 [scheduling-1    ] INFO  UpdateAwardStockJob    - 定时任务，更新奖品消耗库存【延迟队列获取，降低对数据库的更新频次，不要产生竞争】
25-07-08.00:12:40.005 [scheduling-1    ] INFO  UpdateAwardStockJob    - 定时任务，更新奖品消耗库存【延迟队列获取，降低对数据库的更新频次，不要产生竞争】
25-07-08.00:12:45.005 [scheduling-1    ] INFO  UpdateAwardStockJob    - 定时任务，更新奖品消耗库存【延迟队列获取，降低对数据库的更新频次，不要产生竞争】
25-07-08.00:12:50.003 [scheduling-1    ] INFO  UpdateAwardStockJob    - 定时任务，更新奖品消耗库存【延迟队列获取，降低对数据库的更新频次，不要产生竞争】
25-07-08.00:12:55.005 [scheduling-1    ] INFO  UpdateAwardStockJob    - 定时任务，更新奖品消耗库存【延迟队列获取，降低对数据库的更新频次，不要产生竞争】
25-07-08.00:13:00.001 [scheduling-1    ] INFO  UpdateAwardStockJob    - 定时任务，更新奖品消耗库存【延迟队列获取，降低对数据库的更新频次，不要产生竞争】
25-07-08.00:13:05.005 [scheduling-1    ] INFO  UpdateAwardStockJob    - 定时任务，更新奖品消耗库存【延迟队列获取，降低对数据库的更新频次，不要产生竞争】
25-07-08.00:13:10.005 [scheduling-1    ] INFO  UpdateAwardStockJob    - 定时任务，更新奖品消耗库存【延迟队列获取，降低对数据库的更新频次，不要产生竞争】
25-07-08.00:13:15.003 [scheduling-1    ] INFO  UpdateAwardStockJob    - 定时任务，更新奖品消耗库存【延迟队列获取，降低对数据库的更新频次，不要产生竞争】
25-07-08.00:13:20.005 [scheduling-1    ] INFO  UpdateAwardStockJob    - 定时任务，更新奖品消耗库存【延迟队列获取，降低对数据库的更新频次，不要产生竞争】
25-07-08.00:13:21.394 [SpringApplicationShutdownHook] INFO  HikariDataSource       - HikariPool-1 - Shutdown initiated...
25-07-08.00:13:21.396 [SpringApplicationShutdownHook] INFO  HikariDataSource       - HikariPool-1 - Shutdown completed.
25-07-08.00:13:22.834 [main            ] INFO  Application            - Starting Application using Java 1.8.0_452 on xingedeMacBook-Air.local with PID 7199 (/Users/xingeqi/Downloads/untitled1/untitled1-app/target/classes started by xingeqi in /Users/xingeqi/Downloads/untitled1)
25-07-08.00:13:22.835 [main            ] INFO  Application            - The following 1 profile is active: "dev"
25-07-08.00:13:23.198 [main            ] INFO  RepositoryConfigurationDelegate - Multiple Spring Data modules found, entering strict repository configuration mode
25-07-08.00:13:23.199 [main            ] INFO  RepositoryConfigurationDelegate - Bootstrapping Spring Data Redis repositories in DEFAULT mode.
25-07-08.00:13:23.214 [main            ] INFO  RepositoryConfigurationDelegate - Finished Spring Data repository scanning in 8 ms. Found 0 Redis repository interfaces.
25-07-08.00:13:23.561 [main            ] INFO  TomcatWebServer        - Tomcat initialized with port(s): 8091 (http)
25-07-08.00:13:23.565 [main            ] INFO  Http11NioProtocol      - Initializing ProtocolHandler ["http-nio-8091"]
25-07-08.00:13:23.565 [main            ] INFO  StandardService        - Starting service [Tomcat]
25-07-08.00:13:23.565 [main            ] INFO  StandardEngine         - Starting Servlet engine: [Apache Tomcat/9.0.75]
25-07-08.00:13:23.615 [main            ] INFO  [/]                    - Initializing Spring embedded WebApplicationContext
25-07-08.00:13:23.616 [main            ] INFO  ServletWebServerApplicationContext - Root WebApplicationContext: initialization completed in 765 ms
25-07-08.00:13:24.031 [main            ] INFO  Version                - Redisson 3.24.3
25-07-08.00:13:24.051 [main            ] WARN  DnsServerAddressStreamProviders - Can not find io.netty.resolver.dns.macos.MacOSDnsServerAddressStreamProvider in the classpath, fallback to system defaults. This may result in incorrect DNS resolutions on MacOS. Check whether you have a dependency on 'io.netty:netty-resolver-dns-native-macos'
25-07-08.00:13:24.161 [redisson-netty-2-6] INFO  MasterPubSubConnectionPool - 1 connections initialized for 192.168.12.230/192.168.12.230:6399
25-07-08.00:13:24.388 [redisson-netty-2-13] INFO  MasterConnectionPool   - 5 connections initialized for 192.168.12.230/192.168.12.230:6399
25-07-08.00:13:25.216 [main            ] INFO  EndpointLinksResolver  - Exposing 1 endpoint(s) beneath base path '/actuator'
25-07-08.00:13:25.236 [main            ] INFO  Http11NioProtocol      - Starting ProtocolHandler ["http-nio-8091"]
25-07-08.00:13:25.249 [main            ] INFO  TomcatWebServer        - Tomcat started on port(s): 8091 (http) with context path ''
25-07-08.00:13:25.258 [main            ] INFO  Application            - Started Application in 2.628 seconds (JVM running for 3.012)
25-07-08.00:13:25.580 [RMI TCP Connection(5)-192.168.12.160] INFO  [/]                    - Initializing Spring DispatcherServlet 'dispatcherServlet'
25-07-08.00:13:25.580 [RMI TCP Connection(5)-192.168.12.160] INFO  DispatcherServlet      - Initializing Servlet 'dispatcherServlet'
25-07-08.00:13:25.580 [RMI TCP Connection(4)-192.168.12.160] INFO  HikariDataSource       - HikariPool-1 - Starting...
25-07-08.00:13:25.582 [RMI TCP Connection(5)-192.168.12.160] INFO  DispatcherServlet      - Completed initialization in 2 ms
25-07-08.00:13:25.748 [RMI TCP Connection(4)-192.168.12.160] INFO  HikariDataSource       - HikariPool-1 - Start completed.
25-07-08.00:13:30.006 [scheduling-1    ] INFO  UpdateAwardStockJob    - 定时任务，更新奖品消耗库存【延迟队列获取，降低对数据库的更新频次，不要产生竞争】
25-07-08.00:13:31.263 [http-nio-8091-exec-1] INFO  RaffleController       - 查询抽奖奖品列表配开始 strategyId：100006
25-07-08.00:13:31.366 [http-nio-8091-exec-1] INFO  RaffleController       - 查询抽奖奖品列表配置完成 strategyId：100006 response: {"code":"0000","data":[{"awardId":101,"awardTitle":"随机积分","sort":1},{"awardId":102,"awardTitle":"随机积分","sort":2}],"info":"成功"}
25-07-08.00:13:35.003 [scheduling-1    ] INFO  UpdateAwardStockJob    - 定时任务，更新奖品消耗库存【延迟队列获取，降低对数据库的更新频次，不要产生竞争】
25-07-08.00:13:39.045 [http-nio-8091-exec-2] INFO  RaffleController       - 随机抽奖开始 strategyId: 100006
25-07-08.00:13:39.075 [http-nio-8091-exec-2] INFO  BackListLogicChain     - 抽奖责任链—黑名单, userId=system, strategyId=100006, ruleModel=rule_blacklist
25-07-08.00:13:39.102 [http-nio-8091-exec-2] INFO  BackListLogicChain     - 抽奖责任链：黑名单放行 userId=system, strategyId=100006, ruleModel=rule_blacklist
25-07-08.00:13:39.114 [http-nio-8091-exec-2] ERROR RaffleController       - 随机抽奖失败 strategyId：100006
java.lang.NullPointerException: null
	at org.example.infrastructure.persistent.repository.StrategyRepository.getRateRange(StrategyRepository.java:123)
	at org.example.infrastructure.persistent.repository.StrategyRepository.getRateRange(StrategyRepository.java:118)
	at org.example.infrastructure.persistent.repository.StrategyRepository$$FastClassBySpringCGLIB$$19908ba7.invoke(<generated>)
	at org.springframework.cglib.proxy.MethodProxy.invoke(MethodProxy.java:218)
	at org.springframework.aop.framework.CglibAopProxy$CglibMethodInvocation.invokeJoinpoint(CglibAopProxy.java:793)
	at org.springframework.aop.framework.ReflectiveMethodInvocation.proceed(ReflectiveMethodInvocation.java:163)
	at org.springframework.aop.framework.CglibAopProxy$CglibMethodInvocation.proceed(CglibAopProxy.java:763)
	at org.springframework.dao.support.PersistenceExceptionTranslationInterceptor.invoke(PersistenceExceptionTranslationInterceptor.java:137)
	at org.springframework.aop.framework.ReflectiveMethodInvocation.proceed(ReflectiveMethodInvocation.java:186)
	at org.springframework.aop.framework.CglibAopProxy$CglibMethodInvocation.proceed(CglibAopProxy.java:763)
	at org.springframework.aop.framework.CglibAopProxy$DynamicAdvisedInterceptor.intercept(CglibAopProxy.java:708)
	at org.example.infrastructure.persistent.repository.StrategyRepository$$EnhancerBySpringCGLIB$$3586a14e.getRateRange(<generated>)
	at org.example.domain.strategy.service.armory.StrategyArmoryDispatch.getRandomAwardId(StrategyArmoryDispatch.java:123)
	at org.example.domain.strategy.service.rule.chain.impl.DefaultLogChain.logic(DefaultLogChain.java:21)
	at org.example.domain.strategy.service.rule.chain.impl.BackListLogicChain.logic(BackListLogicChain.java:38)
	at org.example.domain.strategy.service.raffle.DefaultRaffleStrategy.raffleLogicChain(DefaultRaffleStrategy.java:51)
	at org.example.domain.strategy.service.raffle.AbstractRaffleStrategy.performRaffle(AbstractRaffleStrategy.java:52)
	at org.example.trigger.http.RaffleController.randomRaffle(RaffleController.java:138)
	at sun.reflect.NativeMethodAccessorImpl.invoke0(Native Method)
	at sun.reflect.NativeMethodAccessorImpl.invoke(NativeMethodAccessorImpl.java:62)
	at sun.reflect.DelegatingMethodAccessorImpl.invoke(DelegatingMethodAccessorImpl.java:43)
	at java.lang.reflect.Method.invoke(Method.java:498)
	at org.springframework.web.method.support.InvocableHandlerMethod.doInvoke(InvocableHandlerMethod.java:205)
	at org.springframework.web.method.support.InvocableHandlerMethod.invokeForRequest(InvocableHandlerMethod.java:150)
	at org.springframework.web.servlet.mvc.method.annotation.ServletInvocableHandlerMethod.invokeAndHandle(ServletInvocableHandlerMethod.java:117)
	at org.springframework.web.servlet.mvc.method.annotation.RequestMappingHandlerAdapter.invokeHandlerMethod(RequestMappingHandlerAdapter.java:895)
	at org.springframework.web.servlet.mvc.method.annotation.RequestMappingHandlerAdapter.handleInternal(RequestMappingHandlerAdapter.java:808)
	at org.springframework.web.servlet.mvc.method.AbstractHandlerMethodAdapter.handle(AbstractHandlerMethodAdapter.java:87)
	at org.springframework.web.servlet.DispatcherServlet.doDispatch(DispatcherServlet.java:1072)
	at org.springframework.web.servlet.DispatcherServlet.doService(DispatcherServlet.java:965)
	at org.springframework.web.servlet.FrameworkServlet.processRequest(FrameworkServlet.java:1006)
	at org.springframework.web.servlet.FrameworkServlet.doPost(FrameworkServlet.java:909)
	at javax.servlet.http.HttpServlet.service(HttpServlet.java:555)
	at org.springframework.web.servlet.FrameworkServlet.service(FrameworkServlet.java:883)
	at javax.servlet.http.HttpServlet.service(HttpServlet.java:623)
	at org.apache.catalina.core.ApplicationFilterChain.internalDoFilter(ApplicationFilterChain.java:209)
	at org.apache.catalina.core.ApplicationFilterChain.doFilter(ApplicationFilterChain.java:153)
	at org.apache.tomcat.websocket.server.WsFilter.doFilter(WsFilter.java:51)
	at org.apache.catalina.core.ApplicationFilterChain.internalDoFilter(ApplicationFilterChain.java:178)
	at org.apache.catalina.core.ApplicationFilterChain.doFilter(ApplicationFilterChain.java:153)
	at org.springframework.web.filter.RequestContextFilter.doFilterInternal(RequestContextFilter.java:100)
	at org.springframework.web.filter.OncePerRequestFilter.doFilter(OncePerRequestFilter.java:117)
	at org.apache.catalina.core.ApplicationFilterChain.internalDoFilter(ApplicationFilterChain.java:178)
	at org.apache.catalina.core.ApplicationFilterChain.doFilter(ApplicationFilterChain.java:153)
	at org.springframework.web.filter.FormContentFilter.doFilterInternal(FormContentFilter.java:93)
	at org.springframework.web.filter.OncePerRequestFilter.doFilter(OncePerRequestFilter.java:117)
	at org.apache.catalina.core.ApplicationFilterChain.internalDoFilter(ApplicationFilterChain.java:178)
	at org.apache.catalina.core.ApplicationFilterChain.doFilter(ApplicationFilterChain.java:153)
	at org.springframework.boot.actuate.metrics.web.servlet.WebMvcMetricsFilter.doFilterInternal(WebMvcMetricsFilter.java:96)
	at org.springframework.web.filter.OncePerRequestFilter.doFilter(OncePerRequestFilter.java:117)
	at org.apache.catalina.core.ApplicationFilterChain.internalDoFilter(ApplicationFilterChain.java:178)
	at org.apache.catalina.core.ApplicationFilterChain.doFilter(ApplicationFilterChain.java:153)
	at org.springframework.web.filter.CharacterEncodingFilter.doFilterInternal(CharacterEncodingFilter.java:201)
	at org.springframework.web.filter.OncePerRequestFilter.doFilter(OncePerRequestFilter.java:117)
	at org.apache.catalina.core.ApplicationFilterChain.internalDoFilter(ApplicationFilterChain.java:178)
	at org.apache.catalina.core.ApplicationFilterChain.doFilter(ApplicationFilterChain.java:153)
	at org.apache.catalina.core.StandardWrapperValve.invoke(StandardWrapperValve.java:167)
	at org.apache.catalina.core.StandardContextValve.invoke(StandardContextValve.java:90)
	at org.apache.catalina.authenticator.AuthenticatorBase.invoke(AuthenticatorBase.java:481)
	at org.apache.catalina.core.StandardHostValve.invoke(StandardHostValve.java:130)
	at org.apache.catalina.valves.ErrorReportValve.invoke(ErrorReportValve.java:93)
	at org.apache.catalina.core.StandardEngineValve.invoke(StandardEngineValve.java:74)
	at org.apache.catalina.connector.CoyoteAdapter.service(CoyoteAdapter.java:343)
	at org.apache.coyote.http11.Http11Processor.service(Http11Processor.java:390)
	at org.apache.coyote.AbstractProcessorLight.process(AbstractProcessorLight.java:63)
	at org.apache.coyote.AbstractProtocol$ConnectionHandler.process(AbstractProtocol.java:926)
	at org.apache.tomcat.util.net.NioEndpoint$SocketProcessor.doRun(NioEndpoint.java:1791)
	at org.apache.tomcat.util.net.SocketProcessorBase.run(SocketProcessorBase.java:52)
	at org.apache.tomcat.util.threads.ThreadPoolExecutor.runWorker(ThreadPoolExecutor.java:1191)
	at org.apache.tomcat.util.threads.ThreadPoolExecutor$Worker.run(ThreadPoolExecutor.java:659)
	at org.apache.tomcat.util.threads.TaskThread$WrappingRunnable.run(TaskThread.java:61)
	at java.lang.Thread.run(Thread.java:750)
25-07-08.00:13:40.003 [scheduling-1    ] INFO  UpdateAwardStockJob    - 定时任务，更新奖品消耗库存【延迟队列获取，降低对数据库的更新频次，不要产生竞争】
25-07-08.00:13:45.006 [scheduling-1    ] INFO  UpdateAwardStockJob    - 定时任务，更新奖品消耗库存【延迟队列获取，降低对数据库的更新频次，不要产生竞争】
25-07-08.00:13:48.088 [http-nio-8091-exec-3] INFO  RaffleController       - 随机抽奖开始 strategyId: 100006
25-07-08.00:13:48.118 [http-nio-8091-exec-3] INFO  BackListLogicChain     - 抽奖责任链—黑名单, userId=system, strategyId=100006, ruleModel=rule_blacklist
25-07-08.00:13:48.125 [http-nio-8091-exec-3] INFO  BackListLogicChain     - 抽奖责任链：黑名单放行 userId=system, strategyId=100006, ruleModel=rule_blacklist
25-07-08.00:13:48.132 [http-nio-8091-exec-3] ERROR RaffleController       - 随机抽奖失败 strategyId：100006
java.lang.NullPointerException: null
	at org.example.infrastructure.persistent.repository.StrategyRepository.getRateRange(StrategyRepository.java:123)
	at org.example.infrastructure.persistent.repository.StrategyRepository.getRateRange(StrategyRepository.java:118)
	at org.example.infrastructure.persistent.repository.StrategyRepository$$FastClassBySpringCGLIB$$19908ba7.invoke(<generated>)
	at org.springframework.cglib.proxy.MethodProxy.invoke(MethodProxy.java:218)
	at org.springframework.aop.framework.CglibAopProxy$CglibMethodInvocation.invokeJoinpoint(CglibAopProxy.java:793)
	at org.springframework.aop.framework.ReflectiveMethodInvocation.proceed(ReflectiveMethodInvocation.java:163)
	at org.springframework.aop.framework.CglibAopProxy$CglibMethodInvocation.proceed(CglibAopProxy.java:763)
	at org.springframework.dao.support.PersistenceExceptionTranslationInterceptor.invoke(PersistenceExceptionTranslationInterceptor.java:137)
	at org.springframework.aop.framework.ReflectiveMethodInvocation.proceed(ReflectiveMethodInvocation.java:186)
	at org.springframework.aop.framework.CglibAopProxy$CglibMethodInvocation.proceed(CglibAopProxy.java:763)
	at org.springframework.aop.framework.CglibAopProxy$DynamicAdvisedInterceptor.intercept(CglibAopProxy.java:708)
	at org.example.infrastructure.persistent.repository.StrategyRepository$$EnhancerBySpringCGLIB$$3586a14e.getRateRange(<generated>)
	at org.example.domain.strategy.service.armory.StrategyArmoryDispatch.getRandomAwardId(StrategyArmoryDispatch.java:123)
	at org.example.domain.strategy.service.rule.chain.impl.DefaultLogChain.logic(DefaultLogChain.java:21)
	at org.example.domain.strategy.service.rule.chain.impl.BackListLogicChain.logic(BackListLogicChain.java:38)
	at org.example.domain.strategy.service.raffle.DefaultRaffleStrategy.raffleLogicChain(DefaultRaffleStrategy.java:51)
	at org.example.domain.strategy.service.raffle.AbstractRaffleStrategy.performRaffle(AbstractRaffleStrategy.java:52)
	at org.example.trigger.http.RaffleController.randomRaffle(RaffleController.java:138)
	at sun.reflect.NativeMethodAccessorImpl.invoke0(Native Method)
	at sun.reflect.NativeMethodAccessorImpl.invoke(NativeMethodAccessorImpl.java:62)
	at sun.reflect.DelegatingMethodAccessorImpl.invoke(DelegatingMethodAccessorImpl.java:43)
	at java.lang.reflect.Method.invoke(Method.java:498)
	at org.springframework.web.method.support.InvocableHandlerMethod.doInvoke(InvocableHandlerMethod.java:205)
	at org.springframework.web.method.support.InvocableHandlerMethod.invokeForRequest(InvocableHandlerMethod.java:150)
	at org.springframework.web.servlet.mvc.method.annotation.ServletInvocableHandlerMethod.invokeAndHandle(ServletInvocableHandlerMethod.java:117)
	at org.springframework.web.servlet.mvc.method.annotation.RequestMappingHandlerAdapter.invokeHandlerMethod(RequestMappingHandlerAdapter.java:895)
	at org.springframework.web.servlet.mvc.method.annotation.RequestMappingHandlerAdapter.handleInternal(RequestMappingHandlerAdapter.java:808)
	at org.springframework.web.servlet.mvc.method.AbstractHandlerMethodAdapter.handle(AbstractHandlerMethodAdapter.java:87)
	at org.springframework.web.servlet.DispatcherServlet.doDispatch(DispatcherServlet.java:1072)
	at org.springframework.web.servlet.DispatcherServlet.doService(DispatcherServlet.java:965)
	at org.springframework.web.servlet.FrameworkServlet.processRequest(FrameworkServlet.java:1006)
	at org.springframework.web.servlet.FrameworkServlet.doPost(FrameworkServlet.java:909)
	at javax.servlet.http.HttpServlet.service(HttpServlet.java:555)
	at org.springframework.web.servlet.FrameworkServlet.service(FrameworkServlet.java:883)
	at javax.servlet.http.HttpServlet.service(HttpServlet.java:623)
	at org.apache.catalina.core.ApplicationFilterChain.internalDoFilter(ApplicationFilterChain.java:209)
	at org.apache.catalina.core.ApplicationFilterChain.doFilter(ApplicationFilterChain.java:153)
	at org.apache.tomcat.websocket.server.WsFilter.doFilter(WsFilter.java:51)
	at org.apache.catalina.core.ApplicationFilterChain.internalDoFilter(ApplicationFilterChain.java:178)
	at org.apache.catalina.core.ApplicationFilterChain.doFilter(ApplicationFilterChain.java:153)
	at org.springframework.web.filter.RequestContextFilter.doFilterInternal(RequestContextFilter.java:100)
	at org.springframework.web.filter.OncePerRequestFilter.doFilter(OncePerRequestFilter.java:117)
	at org.apache.catalina.core.ApplicationFilterChain.internalDoFilter(ApplicationFilterChain.java:178)
	at org.apache.catalina.core.ApplicationFilterChain.doFilter(ApplicationFilterChain.java:153)
	at org.springframework.web.filter.FormContentFilter.doFilterInternal(FormContentFilter.java:93)
	at org.springframework.web.filter.OncePerRequestFilter.doFilter(OncePerRequestFilter.java:117)
	at org.apache.catalina.core.ApplicationFilterChain.internalDoFilter(ApplicationFilterChain.java:178)
	at org.apache.catalina.core.ApplicationFilterChain.doFilter(ApplicationFilterChain.java:153)
	at org.springframework.boot.actuate.metrics.web.servlet.WebMvcMetricsFilter.doFilterInternal(WebMvcMetricsFilter.java:96)
	at org.springframework.web.filter.OncePerRequestFilter.doFilter(OncePerRequestFilter.java:117)
	at org.apache.catalina.core.ApplicationFilterChain.internalDoFilter(ApplicationFilterChain.java:178)
	at org.apache.catalina.core.ApplicationFilterChain.doFilter(ApplicationFilterChain.java:153)
	at org.springframework.web.filter.CharacterEncodingFilter.doFilterInternal(CharacterEncodingFilter.java:201)
	at org.springframework.web.filter.OncePerRequestFilter.doFilter(OncePerRequestFilter.java:117)
	at org.apache.catalina.core.ApplicationFilterChain.internalDoFilter(ApplicationFilterChain.java:178)
	at org.apache.catalina.core.ApplicationFilterChain.doFilter(ApplicationFilterChain.java:153)
	at org.apache.catalina.core.StandardWrapperValve.invoke(StandardWrapperValve.java:167)
	at org.apache.catalina.core.StandardContextValve.invoke(StandardContextValve.java:90)
	at org.apache.catalina.authenticator.AuthenticatorBase.invoke(AuthenticatorBase.java:481)
	at org.apache.catalina.core.StandardHostValve.invoke(StandardHostValve.java:130)
	at org.apache.catalina.valves.ErrorReportValve.invoke(ErrorReportValve.java:93)
	at org.apache.catalina.core.StandardEngineValve.invoke(StandardEngineValve.java:74)
	at org.apache.catalina.connector.CoyoteAdapter.service(CoyoteAdapter.java:343)
	at org.apache.coyote.http11.Http11Processor.service(Http11Processor.java:390)
	at org.apache.coyote.AbstractProcessorLight.process(AbstractProcessorLight.java:63)
	at org.apache.coyote.AbstractProtocol$ConnectionHandler.process(AbstractProtocol.java:926)
	at org.apache.tomcat.util.net.NioEndpoint$SocketProcessor.doRun(NioEndpoint.java:1791)
	at org.apache.tomcat.util.net.SocketProcessorBase.run(SocketProcessorBase.java:52)
	at org.apache.tomcat.util.threads.ThreadPoolExecutor.runWorker(ThreadPoolExecutor.java:1191)
	at org.apache.tomcat.util.threads.ThreadPoolExecutor$Worker.run(ThreadPoolExecutor.java:659)
	at org.apache.tomcat.util.threads.TaskThread$WrappingRunnable.run(TaskThread.java:61)
	at java.lang.Thread.run(Thread.java:750)
25-07-08.00:13:50.006 [scheduling-1    ] INFO  UpdateAwardStockJob    - 定时任务，更新奖品消耗库存【延迟队列获取，降低对数据库的更新频次，不要产生竞争】
25-07-08.00:13:50.586 [http-nio-8091-exec-4] INFO  RaffleController       - 抽奖装配策略开始, strategyId: 100006
25-07-08.00:13:50.678 [http-nio-8091-exec-4] INFO  RaffleController       - 抽奖装配策略成功, strategyId: 100006
25-07-08.00:13:54.330 [http-nio-8091-exec-5] INFO  RaffleController       - 随机抽奖开始 strategyId: 100006
25-07-08.00:13:54.359 [http-nio-8091-exec-5] INFO  BackListLogicChain     - 抽奖责任链—黑名单, userId=system, strategyId=100006, ruleModel=rule_blacklist
25-07-08.00:13:54.366 [http-nio-8091-exec-5] INFO  BackListLogicChain     - 抽奖责任链：黑名单放行 userId=system, strategyId=100006, ruleModel=rule_blacklist
25-07-08.00:13:54.381 [http-nio-8091-exec-5] INFO  DefaultLogChain        - 抽奖责任链—默认处理, userId=system, strategyId=100006, ruleModel=rule_default, awardId=101
25-07-08.00:13:54.383 [http-nio-8091-exec-5] INFO  AbstractRaffleStrategy - 抽奖策略计算-责任链 system 100006 101 rule_default
25-07-08.00:13:54.448 [http-nio-8091-exec-5] INFO  RuleStockLogicTreeNode - 规则过滤，库存过滤，userid:system,strategyId:100006,awardId:101
25-07-08.00:13:54.505 [http-nio-8091-exec-5] INFO  AbstractRaffleStrategy - 抽奖策略计算-规则树 system 100006 101 
25-07-08.00:13:54.542 [http-nio-8091-exec-5] INFO  RaffleController       - 随机抽奖完成 strategyId: 100006 response: {"code":"0000","data":{"awardId":101,"awardIndex":1},"info":"成功"}
25-07-08.00:13:55.003 [scheduling-1    ] INFO  UpdateAwardStockJob    - 定时任务，更新奖品消耗库存【延迟队列获取，降低对数据库的更新频次，不要产生竞争】
25-07-08.00:14:00.005 [scheduling-1    ] INFO  UpdateAwardStockJob    - 定时任务，更新奖品消耗库存【延迟队列获取，降低对数据库的更新频次，不要产生竞争】
25-07-08.00:14:00.029 [scheduling-1    ] INFO  UpdateAwardStockJob    - 定时任务，更新奖品消耗库存 strategyId:100006 awardId:101
25-07-08.00:14:03.050 [http-nio-8091-exec-6] INFO  RaffleController       - 随机抽奖开始 strategyId: 100006
25-07-08.00:14:03.078 [http-nio-8091-exec-6] INFO  BackListLogicChain     - 抽奖责任链—黑名单, userId=system, strategyId=100006, ruleModel=rule_blacklist
25-07-08.00:14:03.085 [http-nio-8091-exec-6] INFO  BackListLogicChain     - 抽奖责任链：黑名单放行 userId=system, strategyId=100006, ruleModel=rule_blacklist
25-07-08.00:14:03.100 [http-nio-8091-exec-6] INFO  DefaultLogChain        - 抽奖责任链—默认处理, userId=system, strategyId=100006, ruleModel=rule_default, awardId=101
25-07-08.00:14:03.100 [http-nio-8091-exec-6] INFO  AbstractRaffleStrategy - 抽奖策略计算-责任链 system 100006 101 rule_default
25-07-08.00:14:03.129 [http-nio-8091-exec-6] INFO  RuleStockLogicTreeNode - 规则过滤，库存过滤，userid:system,strategyId:100006,awardId:101
25-07-08.00:14:03.148 [http-nio-8091-exec-6] INFO  AbstractRaffleStrategy - 抽奖策略计算-规则树 system 100006 101 
25-07-08.00:14:03.155 [http-nio-8091-exec-6] INFO  RaffleController       - 随机抽奖完成 strategyId: 100006 response: {"code":"0000","data":{"awardId":101,"awardIndex":1},"info":"成功"}
25-07-08.00:14:05.005 [scheduling-1    ] INFO  UpdateAwardStockJob    - 定时任务，更新奖品消耗库存【延迟队列获取，降低对数据库的更新频次，不要产生竞争】
25-07-08.00:14:09.904 [http-nio-8091-exec-7] INFO  RaffleController       - 随机抽奖开始 strategyId: 100006
25-07-08.00:14:09.930 [http-nio-8091-exec-7] INFO  BackListLogicChain     - 抽奖责任链—黑名单, userId=system, strategyId=100006, ruleModel=rule_blacklist
25-07-08.00:14:09.938 [http-nio-8091-exec-7] INFO  BackListLogicChain     - 抽奖责任链：黑名单放行 userId=system, strategyId=100006, ruleModel=rule_blacklist
25-07-08.00:14:09.953 [http-nio-8091-exec-7] INFO  DefaultLogChain        - 抽奖责任链—默认处理, userId=system, strategyId=100006, ruleModel=rule_default, awardId=101
25-07-08.00:14:09.953 [http-nio-8091-exec-7] INFO  AbstractRaffleStrategy - 抽奖策略计算-责任链 system 100006 101 rule_default
25-07-08.00:14:09.967 [http-nio-8091-exec-7] INFO  RuleStockLogicTreeNode - 规则过滤，库存过滤，userid:system,strategyId:100006,awardId:101
25-07-08.00:14:09.986 [http-nio-8091-exec-7] INFO  AbstractRaffleStrategy - 抽奖策略计算-规则树 system 100006 101 
25-07-08.00:14:09.993 [http-nio-8091-exec-7] INFO  RaffleController       - 随机抽奖完成 strategyId: 100006 response: {"code":"0000","data":{"awardId":101,"awardIndex":1},"info":"成功"}
25-07-08.00:14:10.001 [scheduling-1    ] INFO  UpdateAwardStockJob    - 定时任务，更新奖品消耗库存【延迟队列获取，降低对数据库的更新频次，不要产生竞争】
25-07-08.00:14:10.011 [scheduling-1    ] INFO  UpdateAwardStockJob    - 定时任务，更新奖品消耗库存 strategyId:100006 awardId:101
25-07-08.00:14:15.005 [scheduling-1    ] INFO  UpdateAwardStockJob    - 定时任务，更新奖品消耗库存【延迟队列获取，降低对数据库的更新频次，不要产生竞争】
25-07-08.00:14:15.018 [scheduling-1    ] INFO  UpdateAwardStockJob    - 定时任务，更新奖品消耗库存 strategyId:100006 awardId:101
25-07-08.00:14:16.565 [http-nio-8091-exec-8] INFO  RaffleController       - 随机抽奖开始 strategyId: 100006
25-07-08.00:14:16.594 [http-nio-8091-exec-8] INFO  BackListLogicChain     - 抽奖责任链—黑名单, userId=system, strategyId=100006, ruleModel=rule_blacklist
25-07-08.00:14:16.602 [http-nio-8091-exec-8] INFO  BackListLogicChain     - 抽奖责任链：黑名单放行 userId=system, strategyId=100006, ruleModel=rule_blacklist
25-07-08.00:14:16.614 [http-nio-8091-exec-8] INFO  DefaultLogChain        - 抽奖责任链—默认处理, userId=system, strategyId=100006, ruleModel=rule_default, awardId=102
25-07-08.00:14:16.614 [http-nio-8091-exec-8] INFO  AbstractRaffleStrategy - 抽奖策略计算-责任链 system 100006 102 rule_default
25-07-08.00:14:16.631 [http-nio-8091-exec-8] INFO  RuleStockLogicTreeNode - 规则过滤，库存过滤，userid:system,strategyId:100006,awardId:102
25-07-08.00:14:16.650 [http-nio-8091-exec-8] INFO  AbstractRaffleStrategy - 抽奖策略计算-规则树 system 100006 102 
25-07-08.00:14:16.673 [http-nio-8091-exec-8] INFO  RaffleController       - 随机抽奖完成 strategyId: 100006 response: {"code":"0000","data":{"awardId":102,"awardIndex":2},"info":"成功"}
25-07-08.00:14:20.004 [scheduling-1    ] INFO  UpdateAwardStockJob    - 定时任务，更新奖品消耗库存【延迟队列获取，降低对数据库的更新频次，不要产生竞争】
25-07-08.00:14:20.016 [scheduling-1    ] INFO  UpdateAwardStockJob    - 定时任务，更新奖品消耗库存 strategyId:100006 awardId:102
25-07-08.00:14:25.001 [scheduling-1    ] INFO  UpdateAwardStockJob    - 定时任务，更新奖品消耗库存【延迟队列获取，降低对数据库的更新频次，不要产生竞争】
25-07-08.00:14:30.006 [scheduling-1    ] INFO  UpdateAwardStockJob    - 定时任务，更新奖品消耗库存【延迟队列获取，降低对数据库的更新频次，不要产生竞争】
25-07-08.00:14:35.006 [scheduling-1    ] INFO  UpdateAwardStockJob    - 定时任务，更新奖品消耗库存【延迟队列获取，降低对数据库的更新频次，不要产生竞争】
25-07-08.00:14:36.095 [SpringApplicationShutdownHook] INFO  HikariDataSource       - HikariPool-1 - Shutdown initiated...
25-07-08.00:14:36.098 [SpringApplicationShutdownHook] INFO  HikariDataSource       - HikariPool-1 - Shutdown completed.
